  Determining projects to restore...
  Restored /app/LiaNcc.BO/LiaNcc.BO.csproj (in 425 ms).
  Restored /app/LiaNcc.Models/LiaNcc.Models.csproj (in 413 ms).
  Restored /app/LiaNcc.FE/LiaNcc.FE.csproj (in 2 ms).
  Restored /app/LiaNcc.Repository/LiaNcc.Repository.csproj (in 508 ms).
  Restored /app/LiaNcc.WebAPI/LiaNcc.WebAPI.csproj (in 508 ms).
  LiaNcc.Models -> /app/LiaNcc.Models/bin/Debug/net9.0/LiaNcc.Models.dll
  LiaNcc.FE -> /app/LiaNcc.FE/bin/Debug/net9.0/LiaNcc.FE.dll
  LiaNcc.Repository -> /app/LiaNcc.Repository/bin/Debug/net9.0/LiaNcc.Repository.dll
  LiaNcc.BO -> /app/LiaNcc.BO/bin/Debug/net9.0/LiaNcc.BO.dll
  LiaNcc.WebAPI -> /app/LiaNcc.WebAPI/bin/Debug/net9.0/LiaNcc.WebAPI.dll

Build succeeded.
    0 Warning(s)
    0 Error(s)

Time Elapsed 00:00:06.78
